// Jest Snapshot v1, https://goo.gl/fbAQLP

exports[`<Menu /> should render component with props 1`] = `
<SideMenu
  isOpen={false}
  toggleMenu={[Function]}
>
  <h3
    style={
      Object {
        "paddingTop": "50px",
      }
    }
  >
    Beers I like:
  </h3>
  <hr />
  <p>
    This is exercise question 5 ;)
  </p>
</SideMenu>
`;
